Archive member included to satisfy reference by file (symbol)

E:/Backup data D/App Kuliah/stm32cube ide/STM32CubeIDE_1.16.0/STM32CubeIDE/plugins/com.st.stm32cube.ide.mcu.externaltools.gnu-tools-for-stm32.12.3.rel1.win32_1.0.200.202406191623/tools/bin/../lib/gcc/arm-none-eabi/12.3.1/../../../../arm-none-eabi/lib/thumb/v7-m/nofp\libc_nano.a(libc_a-exit.o)
                              E:/Backup data D/App Kuliah/stm32cube ide/STM32CubeIDE_1.16.0/STM32CubeIDE/plugins/com.st.stm32cube.ide.mcu.externaltools.gnu-tools-for-stm32.12.3.rel1.win32_1.0.200.202406191623/tools/bin/../lib/gcc/arm-none-eabi/12.3.1/../../../../arm-none-eabi/lib/thumb/v7-m/nofp/crt0.o (exit)
E:/Backup data D/App Kuliah/stm32cube ide/STM32CubeIDE_1.16.0/STM32CubeIDE/plugins/com.st.stm32cube.ide.mcu.externaltools.gnu-tools-for-stm32.12.3.rel1.win32_1.0.200.202406191623/tools/bin/../lib/gcc/arm-none-eabi/12.3.1/../../../../arm-none-eabi/lib/thumb/v7-m/nofp\libc_nano.a(libc_a-findfp.o)
                              E:/Backup data D/App Kuliah/stm32cube ide/STM32CubeIDE_1.16.0/STM32CubeIDE/plugins/com.st.stm32cube.ide.mcu.externaltools.gnu-tools-for-stm32.12.3.rel1.win32_1.0.200.202406191623/tools/bin/../lib/gcc/arm-none-eabi/12.3.1/../../../../arm-none-eabi/lib/thumb/v7-m/nofp\libc_nano.a(libc_a-exit.o) (__stdio_exit_handler)
E:/Backup data D/App Kuliah/stm32cube ide/STM32CubeIDE_1.16.0/STM32CubeIDE/plugins/com.st.stm32cube.ide.mcu.externaltools.gnu-tools-for-stm32.12.3.rel1.win32_1.0.200.202406191623/tools/bin/../lib/gcc/arm-none-eabi/12.3.1/../../../../arm-none-eabi/lib/thumb/v7-m/nofp\libc_nano.a(libc_a-fwalk.o)
                              E:/Backup data D/App Kuliah/stm32cube ide/STM32CubeIDE_1.16.0/STM32CubeIDE/plugins/com.st.stm32cube.ide.mcu.externaltools.gnu-tools-for-stm32.12.3.rel1.win32_1.0.200.202406191623/tools/bin/../lib/gcc/arm-none-eabi/12.3.1/../../../../arm-none-eabi/lib/thumb/v7-m/nofp\libc_nano.a(libc_a-findfp.o) (_fwalk_sglue)
E:/Backup data D/App Kuliah/stm32cube ide/STM32CubeIDE_1.16.0/STM32CubeIDE/plugins/com.st.stm32cube.ide.mcu.externaltools.gnu-tools-for-stm32.12.3.rel1.win32_1.0.200.202406191623/tools/bin/../lib/gcc/arm-none-eabi/12.3.1/../../../../arm-none-eabi/lib/thumb/v7-m/nofp\libc_nano.a(libc_a-stdio.o)
                              E:/Backup data D/App Kuliah/stm32cube ide/STM32CubeIDE_1.16.0/STM32CubeIDE/plugins/com.st.stm32cube.ide.mcu.externaltools.gnu-tools-for-stm32.12.3.rel1.win32_1.0.200.202406191623/tools/bin/../lib/gcc/arm-none-eabi/12.3.1/../../../../arm-none-eabi/lib/thumb/v7-m/nofp\libc_nano.a(libc_a-findfp.o) (__sread)
E:/Backup data D/App Kuliah/stm32cube ide/STM32CubeIDE_1.16.0/STM32CubeIDE/plugins/com.st.stm32cube.ide.mcu.externaltools.gnu-tools-for-stm32.12.3.rel1.win32_1.0.200.202406191623/tools/bin/../lib/gcc/arm-none-eabi/12.3.1/../../../../arm-none-eabi/lib/thumb/v7-m/nofp\libc_nano.a(libc_a-memset.o)
                              E:/Backup data D/App Kuliah/stm32cube ide/STM32CubeIDE_1.16.0/STM32CubeIDE/plugins/com.st.stm32cube.ide.mcu.externaltools.gnu-tools-for-stm32.12.3.rel1.win32_1.0.200.202406191623/tools/bin/../lib/gcc/arm-none-eabi/12.3.1/../../../../arm-none-eabi/lib/thumb/v7-m/nofp/crt0.o (memset)
E:/Backup data D/App Kuliah/stm32cube ide/STM32CubeIDE_1.16.0/STM32CubeIDE/plugins/com.st.stm32cube.ide.mcu.externaltools.gnu-tools-for-stm32.12.3.rel1.win32_1.0.200.202406191623/tools/bin/../lib/gcc/arm-none-eabi/12.3.1/../../../../arm-none-eabi/lib/thumb/v7-m/nofp\libc_nano.a(libc_a-closer.o)
                              E:/Backup data D/App Kuliah/stm32cube ide/STM32CubeIDE_1.16.0/STM32CubeIDE/plugins/com.st.stm32cube.ide.mcu.externaltools.gnu-tools-for-stm32.12.3.rel1.win32_1.0.200.202406191623/tools/bin/../lib/gcc/arm-none-eabi/12.3.1/../../../../arm-none-eabi/lib/thumb/v7-m/nofp\libc_nano.a(libc_a-stdio.o) (_close_r)
E:/Backup data D/App Kuliah/stm32cube ide/STM32CubeIDE_1.16.0/STM32CubeIDE/plugins/com.st.stm32cube.ide.mcu.externaltools.gnu-tools-for-stm32.12.3.rel1.win32_1.0.200.202406191623/tools/bin/../lib/gcc/arm-none-eabi/12.3.1/../../../../arm-none-eabi/lib/thumb/v7-m/nofp\libc_nano.a(libc_a-reent.o)
                              E:/Backup data D/App Kuliah/stm32cube ide/STM32CubeIDE_1.16.0/STM32CubeIDE/plugins/com.st.stm32cube.ide.mcu.externaltools.gnu-tools-for-stm32.12.3.rel1.win32_1.0.200.202406191623/tools/bin/../lib/gcc/arm-none-eabi/12.3.1/../../../../arm-none-eabi/lib/thumb/v7-m/nofp\libc_nano.a(libc_a-closer.o) (errno)
E:/Backup data D/App Kuliah/stm32cube ide/STM32CubeIDE_1.16.0/STM32CubeIDE/plugins/com.st.stm32cube.ide.mcu.externaltools.gnu-tools-for-stm32.12.3.rel1.win32_1.0.200.202406191623/tools/bin/../lib/gcc/arm-none-eabi/12.3.1/../../../../arm-none-eabi/lib/thumb/v7-m/nofp\libc_nano.a(libc_a-impure.o)
[...]
Memory Configuration

Name             Origin             Length             Attributes
RAM              0x20000000         0x00005000         xrw
FLASH            0x08000000         0x00010000         xr
*default*        0x00000000         0xffffffff

Linker script and memory map

LOAD E:/Backup data D/App Kuliah/stm32cube ide/STM32CubeIDE_1.16.0/STM32CubeIDE/plugins/com.st.stm32cube.ide.mcu.externaltools.gnu-tools-for-stm32.12.3.rel1.win32_1.0.200.202406191623/tools/bin/../lib/gcc/arm-none-eabi/12.3.1/thumb/v7-m/nofp/crti.o
LOAD E:/Backup data D/App Kuliah/stm32cube ide/STM32CubeIDE_1.16.0/STM32CubeIDE/plugins/com.st.stm32cube.ide.mcu.externaltools.gnu-tools-for-stm32.12.3.rel1.win32_1.0.200.202406191623/tools/bin/../lib/gcc/arm-none-eabi/12.3.1/thumb/v7-m/nofp/crtbegin.o
LOAD E:/Backup data D/App Kuliah/stm32cube ide/STM32CubeIDE_1.16.0/STM32CubeIDE/plugins/com.st.stm32cube.ide.mcu.externaltools.gnu-tools-for-stm32.12.3.rel1.win32_1.0.200.202406191623/tools/bin/../lib/gcc/arm-none-eabi/12.3.1/../../../../arm-none-eabi/lib/thumb/v7-m/nofp/crt0.o
LOAD ./Core/Src/freertos.o
LOAD ./Core/Src/main.o
LOAD ./Core/Src/stm32f1xx_hal_msp.o
LOAD ./Core/Src/stm32f1xx_it.o
LOAD ./Core/Src/syscalls.o
LOAD ./Core/Src/sysmem.o
LOAD ./Core/Src/system_stm32f1xx.o
LOAD ./Core/Startup/startup_stm32f103c8tx.o
LOAD ./Drivers/STM32F1xx_HAL_Driver/Src/stm32f1xx_hal.o
LOAD ./Drivers/STM32F1xx_HAL_Driver/Src/stm32f1xx_hal_cortex.o
LOAD ./Drivers/STM32F1xx_HAL_Driver/Src/stm32f1xx_hal_dma.o
LOAD ./Drivers/STM32F1xx_HAL_Driver/Src/stm32f1xx_hal_exti.o
LOAD ./Drivers/STM32F1xx_HAL_Driver/Src/stm32f1xx_hal_flash.o
LOAD ./Drivers/STM32F1xx_HAL_Driver/Src/stm32f1xx_hal_flash_ex.o
LOAD ./Drivers/STM32F1xx_HAL_Driver/Src/stm32f1xx_hal_gpio.o
LOAD ./Drivers/STM32F1xx_HAL_Driver/Src/stm32f1xx_hal_gpio_ex.o
LOAD ./Drivers/STM32F1xx_HAL_Driver/Src/stm32f1xx_hal_pwr.o
LOAD ./Drivers/STM32F1xx_HAL_Driver/Src/stm32f1xx_hal_rcc.o
LOAD ./Drivers/STM32F1xx_HAL_Driver/Src/stm32f1xx_hal_rcc_ex.o
LOAD ./Drivers/STM32F1xx_HAL_Driver/Src/stm32f1xx_hal_tim.o
LOAD ./Drivers/STM32F1xx_HAL_Driver/Src/stm32f1xx_hal_tim_ex.o
LOAD ./Drivers/STM32F1xx_HAL_Driver/Src/stm32f1xx_hal_uart.o
LOAD ./Middlewares/Third_Party/FreeRTOS/Source/CMSIS_RTOS/cmsis_os.o
LOAD ./Middlewares/Third_Party/FreeRTOS/Source/croutine.o
LOAD ./Middlewares/Third_Party/FreeRTOS/Source/event_groups.o
LOAD ./Middlewares/Third_Party/FreeRTOS/Source/list.o
LOAD ./Middlewares/Third_Party/FreeRTOS/Source/queue.o
LOAD ./Middlewares/Third_Party/FreeRTOS/Source/stream_buffer.o
LOAD ./Middlewares/Third_Party/FreeRTOS/Source/tasks.o
LOAD ./Middlewares/Third_Party/FreeRTOS/Source/timers.o
LOAD ./Middlewares/Third_Party/FreeRTOS/Source/portable/GCC/ARM_CM3/port.o
LOAD ./Middlewares/Third_Party/FreeRTOS/Source/portable/MemMang/heap_4.o
START GROUP
LOAD E:/Backup data D/App Kuliah/stm32cube ide/STM32CubeIDE_1.16.0/STM32CubeIDE/plugins/com.st.stm32cube.ide.mcu.externaltools.gnu-tools-for-stm32.12.3.rel1.win32_1.0.200.202406191623/tools/bin/../lib/gcc/arm-none-eabi/12.3.1/../../../../arm-none-eabi/lib/thumb/v7-m/nofp\libc_nano.a
LOAD E:/Backup data D/App Kuliah/stm32cube ide/STM32CubeIDE_1.16.0/STM32CubeIDE/plugins/com.st.stm32cube.ide.mcu.externaltools.gnu-tools-for-stm32.12.3.rel1.win32_1.0.200.202406191623/tools/bin/../lib/gcc/arm-none-eabi/12.3.1/../../../../arm-none-eabi/lib/thumb/v7-m/nofp\libm.a
END GROUP
START GROUP
LOAD E:/Backup data D/App Kuliah/stm32cube ide/STM32CubeIDE_1.16.0/STM32CubeIDE/plugins/com.st.stm32cube.ide.mcu.externaltools.gnu-tools-for-stm32.12.3.rel1.win32_1.0.200.202406191623/tools/bin/../lib/gcc/arm-none-eabi/12.3.1/thumb/v7-m/nofp\libgcc.a
LOAD E:/Backup data D/App Kuliah/stm32cube ide/STM32CubeIDE_1.16.0/STM32CubeIDE/plugins/com.st.stm32cube.ide.mcu.externaltools.gnu-tools-for-stm32.12.3.rel1.win32_1.0.200.202406191623/tools/bin/../lib/gcc/arm-none-eabi/12.3.1/../../../../arm-none-eabi/lib/thumb/v7-m/nofp\libc_nano.a
END GROUP
START GROUP
LOAD E:/Backup data D/App Kuliah/stm32cube ide/STM32CubeIDE_1.16.0/STM32CubeIDE/plugins/com.st.stm32cube.ide.mcu.externaltools.gnu-tools-for-stm32.12.3.rel1.win32_1.0.200.202406191623/tools/bin/../lib/gcc/arm-none-eabi/12.3.1/thumb/v7-m/nofp\libgcc.a
LOAD E:/Backup data D/App Kuliah/stm32cube ide/STM32CubeIDE_1.16.0/STM32CubeIDE/plugins/com.st.stm32cube.ide.mcu.externaltools.gnu-tools-for-stm32.12.3.rel1.win32_1.0.200.202406191623/tools/bin/../lib/gcc/arm-none-eabi/12.3.1/../../../../arm-none-eabi/lib/thumb/v7-m/nofp\libc_nano.a
LOAD E:/Backup data D/App Kuliah/stm32cube ide/STM32CubeIDE_1.16.0/STM32CubeIDE/plugins/com.st.stm32cube.ide.mcu.externaltools.gnu-tools-for-stm32.12.3.rel1.win32_1.0.200.202406191623/tools/bin/../lib/gcc/arm-none-eabi/12.3.1/../../../../arm-none-eabi/lib/thumb/v7-m/nofp\libnosys.a
END GROUP
START GROUP
LOAD E:/Backup data D/App Kuliah/stm32cube ide/STM32CubeIDE_1.16.0/STM32CubeIDE/plugins/com.st.stm32cube.ide.mcu.externaltools.gnu-tools-for-stm32.12.3.rel1.win32_1.0.200.202406191623/tools/bin/../lib/gcc/arm-none-eabi/12.3.1/thumb/v7-m/nofp\libgcc.a
LOAD E:/Backup data D/App Kuliah/stm32cube ide/STM32CubeIDE_1.16.0/STM32CubeIDE/plugins/com.st.stm32cube.ide.mcu.externaltools.gnu-tools-for-stm32.12.3.rel1.win32_1.0.200.202406191623/tools/bin/../lib/gcc/arm-none-eabi/12.3.1/../../../../arm-none-eabi/lib/thumb/v7-m/nofp\libc_nano.a
LOAD E:/Backup data D/App Kuliah/stm32cube ide/STM32CubeIDE_1.16.0/STM32CubeIDE/plugins/com.st.stm32cube.ide.mcu.externaltools.gnu-tools-for-stm32.12.3.rel1.win32_1.0.200.202406191623/tools/bin/../lib/gcc/arm-none-eabi/12.3.1/../../../../arm-none-eabi/lib/thumb/v7-m/nofp\libnosys.a
END GROUP
LOAD E:/Backup data D/App Kuliah/stm32cube ide/STM32CubeIDE_1.16.0/STM32CubeIDE/plugins/com.st.stm32cube.ide.mcu.externaltools.gnu-tools-for-stm32.12.3.rel1.win32_1.0.200.202406191623/tools/bin/../lib/gcc/arm-none-eabi/12.3.1/thumb/v7-m/nofp/crtend.o
LOAD E:/Backup data D/App Kuliah/stm32cube ide/STM32CubeIDE_1.16.0/STM32CubeIDE/plugins/com.st.stm32cube.ide.mcu.externaltools.gnu-tools-for-stm32.12.3.rel1.win32_1.0.200.202406191623/tools/bin/../lib/gcc/arm-none-eabi/12.3.1/thumb/v7-m/nofp/crtn.o
                0x20005000                        _estack = (ORIGIN (RAM) + LENGTH (RAM))
                0x00000200                        _Min_Heap_Size = 0x200
                0x00000400                        _Min_Stack_Size = 0x400

.isr_vector     0x08000000      0x10c
                0x08000000                        . = ALIGN (0x4)
 *(.isr_vector)
 .isr_vector    0x08000000      0x10c ./Core/Startup/startup_stm32f103c8tx.o
                0x08000000                g_pfnVectors
                0x0800010c                        . = ALIGN (0x4)

.text           0x08000110     0x3c94
                0x08000110                        . = ALIGN (0x4)
 *(.text)
 .text          0x08000110       0x40 E:/Backup data D/App Kuliah/stm32cube ide/STM32CubeIDE_1.16.0/STM32CubeIDE/plugins/com.st.stm32cube.ide.mcu.externaltools.gnu-tools-for-stm32.12.3.rel1.win32_1.0.200.202406191623/tools/bin/../lib/gcc/arm-none-eabi/12.3.1/thumb/v7-m/nofp/crtbegin.o
 *(.text*)
 .text.vApplicationGetIdleTaskMemory
                0x08000150       0x30 ./Core/Src/freertos.o
                0x08000150                vApplicationGetIdleTaskMemory
 .text.main     0x08000180       0xf0 ./Core/Src/main.o
                0x08000180                main
 .text.SystemClock_Config
                0x08000270       0x76 ./Core/Src/main.o
                0x08000270                SystemClock_Config
 *fill*         0x080002e6        0x2 
 .text.MX_USART1_UART_Init
                0x080002e8       0x54 ./Core/Src/main.o
 .text.MX_GPIO_Init
                0x0800033c       0x64 ./Core/Src/main.o
 .text.accessSharedData
                0x080003a0       0x44 ./Core/Src/main.o
                0x080003a0                accessSharedData
 .text.StartDefaultTask
                0x080003e4       0x10 ./Core/Src/main.o
                0x080003e4                StartDefaultTask
 .text.green_led
                0x080003f4       0x58 ./Core/Src/main.o
                0x080003f4                green_led
 .text.red_led  0x0800044c       0x5c ./Core/Src/main.o
                0x0800044c                red_led
 .text.yellow_led
                0x080004a8       0x20 ./Core/Src/main.o
                0x080004a8                yellow_led
 .text.Error_Handler
                0x080004c8        0xc ./Core/Src/main.o
                0x080004c8                Error_Handler
 .text.HAL_MspInit
                0x080004d4       0x70 ./Core/Src/stm32f1xx_hal_msp.o
                0x080004d4                HAL_MspInit
 .text.HAL_UART_MspInit
                0x08000544       0x98 ./Core/Src/stm32f1xx_hal_msp.o
                0x08000544                HAL_UART_MspInit
 .text.NMI_Handler
                0x080005dc        0x8 ./Core/Src/stm32f1xx_it.o
                0x080005dc                NMI_Handler
 .text.HardFault_Handler
                0x080005e4        0x8 ./Core/Src/stm32f1xx_it.o
                0x080005e4                HardFault_Handler
 .text.MemManage_Handler
                0x080005ec        0x8 ./Core/Src/stm32f1xx_it.o
                0x080005ec                MemManage_Handler
 .text.BusFault_Handler
                0x080005f4        0x8 ./Core/Src/stm32f1xx_it.o
                0x080005f4                BusFault_Handler
 .text.UsageFault_Handler
                0x080005fc        0x8 ./Core/Src/stm32f1xx_it.o
                0x080005fc                UsageFault_Handler
 .text.DebugMon_Handler
                0x08000604        0xc ./Core/Src/stm32f1xx_it.o
                0x08000604                DebugMon_Handler
 .text.SysTick_Handler
                0x08000610       0x1a ./Core/Src/stm32f1xx_it.o
                0x08000610                SysTick_Handler
 .text.SystemInit
                0x0800062a        0xc ./Core/Src/system_stm32f1xx.o
                0x0800062a                SystemInit
 *fill*         0x08000636        0x2 
 .text.Reset_Handler
                0x08000638       0x48 ./Core/Startup/startup_stm32f103c8tx.o
                0x08000638                Reset_Handler
 .text.Default_Handler
                0x08000680        0x2 ./Core/Startup/startup_stm32f103c8tx.o
                0x08000680                RTC_Alarm_IRQHandler
                0x08000680                EXTI2_IRQHandler
                0x08000680                TIM1_CC_IRQHandler
                0x08000680                PVD_IRQHandler
                0x08000680                EXTI3_IRQHandler
                0x08000680                EXTI0_IRQHandler
                0x08000680                I2C2_EV_IRQHandler
                0x08000680                ADC1_2_IRQHandler
                0x08000680                SPI1_IRQHandler
                0x08000680                TAMPER_IRQHandler
                0x08000680                DMA1_Channel4_IRQHandler
                0x08000680                USART3_IRQHandler
                0x08000680                RTC_IRQHandler
                0x08000680                DMA1_Channel7_IRQHandler
                0x08000680                CAN1_RX1_IRQHandler
                0x08000680                TIM4_IRQHandler
                0x08000680                I2C1_EV_IRQHandler
                0x08000680                DMA1_Channel6_IRQHandler
                0x08000680                TIM3_IRQHandler
                0x08000680                RCC_IRQHandler
                0x08000680                TIM1_TRG_COM_IRQHandler
                0x08000680                DMA1_Channel1_IRQHandler
                0x08000680                Default_Handler
                0x08000680                EXTI15_10_IRQHandler
                0x08000680                EXTI9_5_IRQHandler
                0x08000680                SPI2_IRQHandler
                0x08000680                DMA1_Channel5_IRQHandler
                0x08000680                EXTI4_IRQHandler
                0x08000680                USB_LP_CAN1_RX0_IRQHandler
                0x08000680                USB_HP_CAN1_TX_IRQHandler
                0x08000680                DMA1_Channel3_IRQHandler
                0x08000680                TIM1_UP_IRQHandler
                0x08000680                WWDG_IRQHandler
                0x08000680                TIM2_IRQHandler
                0x08000680                TIM1_BRK_IRQHandler
                0x08000680                EXTI1_IRQHandler
                0x08000680                USART2_IRQHandler
                0x08000680                I2C2_ER_IRQHandler
                0x08000680                DMA1_Channel2_IRQHandler
                0x08000680                CAN1_SCE_IRQHandler
                0x08000680                FLASH_IRQHandler
                0x08000680                USART1_IRQHandler
                0x08000680                I2C1_ER_IRQHandler
                0x08000680                USBWakeUp_IRQHandler
 *fill*         0x08000682        0x2 
 .text.HAL_Init
                0x08000684       0x2c ./Drivers/STM32F1xx_HAL_Driver/Src/stm32f1xx_hal.o
                0x08000684                HAL_Init
 .text.HAL_InitTick
                0x080006b0       0x60 ./Drivers/STM32F1xx_HAL_Driver/Src/stm32f1xx_hal.o
                0x080006b0                HAL_InitTick
 .text.HAL_IncTick
                0x08000710       0x24 ./Drivers/STM32F1xx_HAL_Driver/Src/stm32f1xx_hal.o
                0x08000710                HAL_IncTick
 .text.HAL_GetTick
                0x08000734       0x14 ./Drivers/STM32F1xx_HAL_Driver/Src/stm32f1xx_hal.o
                0x08000734                HAL_GetTick
 .text.__NVIC_SetPriorityGrouping
                0x08000748       0x48 ./Drivers/STM32F1xx_HAL_Driver/Src/stm32f1xx_hal_cortex.o
 .text.__NVIC_GetPriorityGrouping
                0x08000790       0x1c ./Drivers/STM32F1xx_HAL_Driver/Src/stm32f1xx_hal_cortex.o
 .text.__NVIC_SetPriority
                0x080007ac       0x54 ./Drivers/STM32F1xx_HAL_Driver/Src/stm32f1xx_hal_cortex.o
 .text.NVIC_EncodePriority
                0x08000800       0x64 ./Drivers/STM32F1xx_HAL_Driver/Src/stm32f1xx_hal_cortex.o
 .text.SysTick_Config
                0x08000864       0x44 ./Drivers/STM32F1xx_HAL_Driver/Src/stm32f1xx_hal_cortex.o
 .text.HAL_NVIC_SetPriorityGrouping
                0x080008a8       0x16 ./Drivers/STM32F1xx_HAL_Driver/Src/stm32f1xx_hal_cortex.o
                0x080008a8                HAL_NVIC_SetPriorityGrouping
 .text.HAL_NVIC_SetPriority
                0x080008be       0x38 ./Drivers/STM32F1xx_HAL_Driver/Src/stm32f1xx_hal_cortex.o
                0x080008be                HAL_NVIC_SetPriority
 .text.HAL_SYSTICK_Config
                0x080008f6       0x18 ./Drivers/STM32F1xx_HAL_Driver/Src/stm32f1xx_hal_cortex.o
                0x080008f6                HAL_SYSTICK_Config
 *fill*         0x0800090e        0x2 
 .text.HAL_GPIO_Init
                0x08000910      0x308 ./Drivers/STM32F1xx_HAL_Driver/Src/stm32f1xx_hal_gpio.o
                0x08000910                HAL_GPIO_Init
 .text.HAL_GPIO_WritePin
                0x08000c18       0x30 ./Drivers/STM32F1xx_HAL_Driver/Src/stm32f1xx_hal_gpio.o
                0x08000c18                HAL_GPIO_WritePin
 .text.HAL_GPIO_TogglePin
                0x08000c48       0x32 ./Drivers/STM32F1xx_HAL_Driver/Src/stm32f1xx_hal_gpio.o
                0x08000c48                HAL_GPIO_TogglePin
 *fill*         0x08000c7a        0x2 
 .text.HAL_RCC_OscConfig
                0x08000c7c      0x504 ./Drivers/STM32F1xx_HAL_Driver/Src/stm32f1xx_hal_rcc.o
                0x08000c7c                HAL_RCC_OscConfig
 .text.HAL_RCC_ClockConfig
                0x08001180      0x1d4 ./Drivers/STM32F1xx_HAL_Driver/Src/stm32f1xx_hal_rcc.o
                0x08001180                HAL_RCC_ClockConfig
 .text.HAL_RCC_GetSysClockFreq
                0x08001354       0xa8 ./Drivers/STM32F1xx_HAL_Driver/Src/stm32f1xx_hal_rcc.o
                0x08001354                HAL_RCC_GetSysClockFreq
 .text.HAL_RCC_GetHCLKFreq
                0x080013fc       0x14 ./Drivers/STM32F1xx_HAL_Driver/Src/stm32f1xx_hal_rcc.o
                0x080013fc                HAL_RCC_GetHCLKFreq
 .text.HAL_RCC_GetPCLK1Freq
                0x08001410       0x28 ./Drivers/STM32F1xx_HAL_Driver/Src/stm32f1xx_hal_rcc.o
                0x08001410                HAL_RCC_GetPCLK1Freq
 .text.HAL_RCC_GetPCLK2Freq
                0x08001438       0x28 ./Drivers/STM32F1xx_HAL_Driver/Src/stm32f1xx_hal_rcc.o
                0x08001438                HAL_RCC_GetPCLK2Freq
 .text.RCC_Delay
                0x08001460       0x3c ./Drivers/STM32F1xx_HAL_Driver/Src/stm32f1xx_hal_rcc.o
 .text.HAL_UART_Init
                0x0800149c       0xa0 ./Drivers/STM32F1xx_HAL_Driver/Src/stm32f1xx_hal_uart.o
                0x0800149c                HAL_UART_Init
 .text.UART_SetConfig
                0x0800153c      0x11c ./Drivers/STM32F1xx_HAL_Driver/Src/stm32f1xx_hal_uart.o
 .text.makeFreeRtosPriority
                0x08001658       0x2e ./Middlewares/Third_Party/FreeRTOS/Source/CMSIS_RTOS/cmsis_os.o
 .text.inHandlerMode
                0x08001686       0x22 ./Middlewares/Third_Party/FreeRTOS/Source/CMSIS_RTOS/cmsis_os.o
 .text.osKernelStart
                0x080016a8        0xe ./Middlewares/Third_Party/FreeRTOS/Source/CMSIS_RTOS/cmsis_os.o
                0x080016a8                osKernelStart
 .text.osThreadCreate
                0x080016b6       0x98 ./Middlewares/Third_Party/FreeRTOS/Source/CMSIS_RTOS/cmsis_os.o
                0x080016b6                osThreadCreate
 .text.osDelay  0x0800174e       0x28 ./Middlewares/Third_Party/FreeRTOS/Source/CMSIS_RTOS/cmsis_os.o
                0x0800174e                osDelay
 .text.osSemaphoreCreate
                0x08001776       0x64 ./Middlewares/Third_Party/FreeRTOS/Source/CMSIS_RTOS/cmsis_os.o
                0x08001776                osSemaphoreCreate
 *fill*         0x080017da        0x2 
 .text.osSemaphoreWait
                0x080017dc       0x9c ./Middlewares/Third_Party/FreeRTOS/Source/CMSIS_RTOS/cmsis_os.o
                0x080017dc                osSemaphoreWait
 .text.osSemaphoreRelease
                0x08001878       0x6c ./Middlewares/Third_Party/FreeRTOS/Source/CMSIS_RTOS/cmsis_os.o
                0x08001878                osSemaphoreRelease
 .text.vListInitialise
                0x080018e4       0x3e ./Middlewares/Third_Party/FreeRTOS/Source/list.o
                0x080018e4                vListInitialise
 .text.vListInitialiseItem
                0x08001922       0x18 ./Middlewares/Third_Party/FreeRTOS/Source/list.o
                0x08001922                vListInitialiseItem
 .text.vListInsertEnd
                0x0800193a       0x46 ./Middlewares/Third_Party/FreeRTOS/Source/list.o
                0x0800193a                vListInsertEnd
 .text.vListInsert
                0x08001980       0x70 ./Middlewares/Third_Party/FreeRTOS/Source/list.o
                0x08001980                vListInsert
 .text.uxListRemove
                0x080019f0       0x52 ./Middlewares/Third_Party/FreeRTOS/Source/list.o
                0x080019f0                uxListRemove
 *fill*         0x08001a42        0x2 
 .text.xQueueGenericReset
                0x08001a44       0xd4 ./Middlewares/Third_Party/FreeRTOS/Source/queue.o
                0x08001a44                xQueueGenericReset
 .text.xQueueGenericCreateStatic
                0x08001b18       0xfa ./Middlewares/Third_Party/FreeRTOS/Source/queue.o
                0x08001b18                xQueueGenericCreateStatic
 .text.xQueueGenericCreate
                0x08001c12       0x76 ./Middlewares/Third_Party/FreeRTOS/Source/queue.o
                0x08001c12                xQueueGenericCreate
 .text.prvInitialiseNewQueue
                0x08001c88       0x3e ./Middlewares/Third_Party/FreeRTOS/Source/queue.o
 *fill*         0x08001cc6        0x2 
 .text.xQueueGenericSend
                0x08001cc8      0x204 ./Middlewares/Third_Party/FreeRTOS/Source/queue.o
                0x08001cc8                xQueueGenericSend
 .text.xQueueGiveFromISR
                0x08001ecc      0x120 ./Middlewares/Third_Party/FreeRTOS/Source/queue.o
                0x08001ecc                xQueueGiveFromISR
 .text.xQueueSemaphoreTake
                0x08001fec      0x220 ./Middlewares/Third_Party/FreeRTOS/Source/queue.o
                0x08001fec                xQueueSemaphoreTake
 .text.xQueueReceiveFromISR
                0x0800220c      0x104 ./Middlewares/Third_Party/FreeRTOS/Source/queue.o
                0x0800220c                xQueueReceiveFromISR
 .text.prvGetDisinheritPriorityAfterTimeout
                0x08002310       0x2e ./Middlewares/Third_Party/FreeRTOS/Source/queue.o
 .text.prvCopyDataToQueue
                0x0800233e       0xd4 ./Middlewares/Third_Party/FreeRTOS/Source/queue.o
 .text.prvCopyDataFromQueue
                0x08002412       0x4c ./Middlewares/Third_Party/FreeRTOS/Source/queue.o
 .text.prvUnlockQueue
                0x0800245e       0xa4 ./Middlewares/Third_Party/FreeRTOS/Source/queue.o
 .text.prvIsQueueEmpty
                0x08002502       0x2c ./Middlewares/Third_Party/FreeRTOS/Source/queue.o
 .text.prvIsQueueFull
                0x0800252e       0x30 ./Middlewares/Third_Party/FreeRTOS/Source/queue.o
 .text.xTaskCreateStatic
                0x0800255e       0xc0 ./Middlewares/Third_Party/FreeRTOS/Source/tasks.o
                0x0800255e                xTaskCreateStatic
 .text.xTaskCreate
                0x0800261e       0x8a ./Middlewares/Third_Party/FreeRTOS/Source/tasks.o
                0x0800261e                xTaskCreate
 .text.prvInitialiseNewTask
                0x080026a8      0x110 ./Middlewares/Third_Party/FreeRTOS/Source/tasks.o
 .text.prvAddNewTaskToReadyList
                0x080027b8       0xd4 ./Middlewares/Third_Party/FreeRTOS/Source/tasks.o
 .text.vTaskDelay
                0x0800288c       0x6c ./Middlewares/Third_Party/FreeRTOS/Source/tasks.o
                0x0800288c                vTaskDelay
 .text.vTaskStartScheduler
                0x080028f8       0xc4 ./Middlewares/Third_Party/FreeRTOS/Source/tasks.o
                0x080028f8                vTaskStartScheduler
 .text.vTaskSuspendAll
                0x080029bc       0x1c ./Middlewares/Third_Party/FreeRTOS/Source/tasks.o
                0x080029bc                vTaskSuspendAll
 .text.xTaskResumeAll
                0x080029d8      0x13c ./Middlewares/Third_Party/FreeRTOS/Source/tasks.o
                0x080029d8                xTaskResumeAll
 .text.xTaskIncrementTick
                0x08002b14      0x174 ./Middlewares/Third_Party/FreeRTOS/Source/tasks.o
                0x08002b14                xTaskIncrementTick
 .text.vTaskSwitchContext
                0x08002c88       0xb8 ./Middlewares/Third_Party/FreeRTOS/Source/tasks.o
                0x08002c88                vTaskSwitchContext
 .text.vTaskPlaceOnEventList
                0x08002d40       0x4c ./Middlewares/Third_Party/FreeRTOS/Source/tasks.o
                0x08002d40                vTaskPlaceOnEventList
 .text.xTaskRemoveFromEventList
                0x08002d8c       0xc8 ./Middlewares/Third_Party/FreeRTOS/Source/tasks.o
                0x08002d8c                xTaskRemoveFromEventList
 .text.vTaskInternalSetTimeOutState
                0x08002e54       0x2c ./Middlewares/Third_Party/FreeRTOS/Source/tasks.o
                0x08002e54                vTaskInternalSetTimeOutState
 .text.xTaskCheckForTimeOut
                0x08002e80       0xc8 ./Middlewares/Third_Party/FreeRTOS/Source/tasks.o
                0x08002e80                xTaskCheckForTimeOut
 .text.vTaskMissedYield
                0x08002f48       0x18 ./Middlewares/Third_Party/FreeRTOS/Source/tasks.o
                0x08002f48                vTaskMissedYield
 .text.prvIdleTask
                0x08002f60       0x30 ./Middlewares/Third_Party/FreeRTOS/Source/tasks.o
 .text.prvInitialiseTaskLists
                0x08002f90       0x80 ./Middlewares/Third_Party/FreeRTOS/Source/tasks.o
 .text.prvCheckTasksWaitingTermination
                0x08003010       0x5c ./Middlewares/Third_Party/FreeRTOS/Source/tasks.o
 .text.prvDeleteTCB
                0x0800306c       0x60 ./Middlewares/Third_Party/FreeRTOS/Source/tasks.o
 .text.prvResetNextTaskUnblockTime
                0x080030cc       0x40 ./Middlewares/Third_Party/FreeRTOS/Source/tasks.o
 .text.xTaskGetSchedulerState
                0x0800310c       0x3c ./Middlewares/Third_Party/FreeRTOS/Source/tasks.o
                0x0800310c                xTaskGetSchedulerState
 .text.xTaskPriorityInherit
                0x08003148       0xec ./Middlewares/Third_Party/FreeRTOS/Source/tasks.o
                0x08003148                xTaskPriorityInherit
 .text.xTaskPriorityDisinherit
                0x08003234      0x110 ./Middlewares/Third_Party/FreeRTOS/Source/tasks.o
                0x08003234                xTaskPriorityDisinherit
 .text.vTaskPriorityDisinheritAfterTimeout
                0x08003344      0x120 ./Middlewares/Third_Party/FreeRTOS/Source/tasks.o
                0x08003344                vTaskPriorityDisinheritAfterTimeout
 .text.pvTaskIncrementMutexHeldCount
                0x08003464       0x28 ./Middlewares/Third_Party/FreeRTOS/Source/tasks.o
                0x08003464                pvTaskIncrementMutexHeldCount
 .text.prvAddCurrentTaskToDelayedList
                0x0800348c       0xcc ./Middlewares/Third_Party/FreeRTOS/Source/tasks.o
 .text.pxPortInitialiseStack
                0x08003558       0x58 ./Middlewares/Third_Party/FreeRTOS/Source/portable/GCC/ARM_CM3/port.o
                0x08003558                pxPortInitialiseStack
 .text.prvTaskExitError
                0x080035b0       0x58 ./Middlewares/Third_Party/FreeRTOS/Source/portable/GCC/ARM_CM3/port.o
 *fill*         0x08003608        0x8 
 .text.SVC_Handler
                0x08003610       0x28 ./Middlewares/Third_Party/FreeRTOS/Source/portable/GCC/ARM_CM3/port.o
                0x08003610                SVC_Handler
 .text.prvPortStartFirstTask
                0x08003638       0x20 ./Middlewares/Third_Party/FreeRTOS/Source/portable/GCC/ARM_CM3/port.o
 .text.xPortStartScheduler
                0x08003658       0xe4 ./Middlewares/Third_Party/FreeRTOS/Source/portable/GCC/ARM_CM3/port.o
                0x08003658                xPortStartScheduler
 .text.vPortEnterCritical
                0x0800373c       0x60 ./Middlewares/Third_Party/FreeRTOS/Source/portable/GCC/ARM_CM3/port.o
                0x0800373c                vPortEnterCritical
 .text.vPortExitCritical
                0x0800379c       0x54 ./Middlewares/Third_Party/FreeRTOS/Source/portable/GCC/ARM_CM3/port.o
                0x0800379c                vPortExitCritical
 .text.PendSV_Handler
                0x080037f0       0x48 ./Middlewares/Third_Party/FreeRTOS/Source/portable/GCC/ARM_CM3/port.o
                0x080037f0                PendSV_Handler
 .text.xPortSysTickHandler
                0x08003838       0x44 ./Middlewares/Third_Party/FreeRTOS/Source/portable/GCC/ARM_CM3/port.o
                0x08003838                xPortSysTickHandler
 .text.vPortSetupTimerInterrupt
                0x0800387c       0x44 ./Middlewares/Third_Party/FreeRTOS/Source/portable/GCC/ARM_CM3/port.o
                0x0800387c                vPortSetupTimerInterrupt
 .text.vPortValidateInterruptPriority
                0x080038c0       0x80 ./Middlewares/Third_Party/FreeRTOS/Source/portable/GCC/ARM_CM3/port.o
                0x080038c0                vPortValidateInterruptPriority
 .text.pvPortMalloc
                0x08003940      0x19c ./Middlewares/Third_Party/FreeRTOS/Source/portable/MemMang/heap_4.o
                0x08003940                pvPortMalloc
 .text.vPortFree
                0x08003adc       0xc8 ./Middlewares/Third_Party/FreeRTOS/Source/portable/MemMang/heap_4.o
                0x08003adc                vPortFree
 .text.prvHeapInit
                0x08003ba4       0xc4 ./Middlewares/Third_Party/FreeRTOS/Source/portable/MemMang/heap_4.o
 .text.prvInsertBlockIntoFreeList
                0x08003c68       0xb0 ./Middlewares/Third_Party/FreeRTOS/Source/portable/MemMang/heap_4.o
 .text.memset   0x08003d18       0x10 E:/Backup data D/App Kuliah/stm32cube ide/STM32CubeIDE_1.16.0/STM32CubeIDE/plugins/com.st.stm32cube.ide.mcu.externaltools.gnu-tools-for-stm32.12.3.rel1.win32_1.0.200.202406191623/tools/bin/../lib/gcc/arm-none-eabi/12.3.1/../../../../arm-none-eabi/lib/thumb/v7-m/nofp\libc_nano.a(libc_a-memset.o)
                0x08003d18                memset
 .text.__libc_init_array
                0x08003d28       0x48 E:/Backup data D/App Kuliah/stm32cube ide/STM32CubeIDE_1.16.0/STM32CubeIDE/plugins/com.st.stm32cube.ide.mcu.externaltools.gnu-tools-for-stm32.12.3.rel1.win32_1.0.200.202406191623/tools/bin/../lib/gcc/arm-none-eabi/12.3.1/../../../../arm-none-eabi/lib/thumb/v7-m/nofp\libc_nano.a(libc_a-init.o)
                0x08003d28                __libc_init_array
 .text.memcpy   0x08003d70       0x1c E:/Backup data D/App Kuliah/stm32cube ide/STM32CubeIDE_1.16.0/STM32CubeIDE/plugins/com.st.stm32cube.ide.mcu.externaltools.gnu-tools-for-stm32.12.3.rel1.win32_1.0.200.202406191623/tools/bin/../lib/gcc/arm-none-eabi/12.3.1/../../../../arm-none-eabi/lib/thumb/v7-m/nofp\libc_nano.a(libc_a-memcpy-stub.o)
                0x08003d70                memcpy
 *(.glue_7)
 .glue_7        0x08003d8c        0x0 linker stubs
 *(.glue_7t)
 .glue_7t       0x08003d8c        0x0 linker stubs
 *(.eh_frame)
 .eh_frame      0x08003d8c        0x0 E:/Backup data D/App Kuliah/stm32cube ide/STM32CubeIDE_1.16.0/STM32CubeIDE/plugins/com.st.stm32cube.ide.mcu.externaltools.gnu-tools-for-stm32.12.3.rel1.win32_1.0.200.202406191623/tools/bin/../lib/gcc/arm-none-eabi/12.3.1/thumb/v7-m/nofp/crtbegin.o
 *(.init)
 .init          0x08003d8c        0x4 E:/Backup data D/App Kuliah/stm32cube ide/STM32CubeIDE_1.16.0/STM32CubeIDE/plugins/com.st.stm32cube.ide.mcu.externaltools.gnu-tools-for-stm32.12.3.rel1.win32_1.0.200.202406191623/tools/bin/../lib/gcc/arm-none-eabi/12.3.1/thumb/v7-m/nofp/crti.o
                0x08003d8c                _init
 .init          0x08003d90        0x8 E:/Backup data D/App Kuliah/stm32cube ide/STM32CubeIDE_1.16.0/STM32CubeIDE/plugins/com.st.stm32cube.ide.mcu.externaltools.gnu-tools-for-stm32.12.3.rel1.win32_1.0.200.202406191623/tools/bin/../lib/gcc/arm-none-eabi/12.3.1/thumb/v7-m/nofp/crtn.o
 *(.fini)
 .fini          0x08003d98        0x4 E:/Backup data D/App Kuliah/stm32cube ide/STM32CubeIDE_1.16.0/STM32CubeIDE/plugins/com.st.stm32cube.ide.mcu.externaltools.gnu-tools-for-stm32.12.3.rel1.win32_1.0.200.202406191623/tools/bin/../lib/gcc/arm-none-eabi/12.3.1/thumb/v7-m/nofp/crti.o
                0x08003d98                _fini
 .fini          0x08003d9c        0x8 E:/Backup data D/App Kuliah/stm32cube ide/STM32CubeIDE_1.16.0/STM32CubeIDE/plugins/com.st.stm32cube.ide.mcu.externaltools.gnu-tools-for-stm32.12.3.rel1.win32_1.0.200.202406191623/tools/bin/../lib/gcc/arm-none-eabi/12.3.1/thumb/v7-m/nofp/crtn.o
                0x08003da4                        . = ALIGN (0x4)
                0x08003da4                        _etext = .

.vfp11_veneer   0x08003da4        0x0
 .vfp11_veneer  0x08003da4        0x0 linker stubs

.v4_bx          0x08003da4        0x0
 .v4_bx         0x08003da4        0x0 linker stubs

.iplt           0x08003da4        0x0
 .iplt          0x08003da4        0x0 E:/Backup data D/App Kuliah/stm32cube ide/STM32CubeIDE_1.16.0/STM32CubeIDE/plugins/com.st.stm32cube.ide.mcu.externaltools.gnu-tools-for-stm32.12.3.rel1.win32_1.0.200.202406191623/tools/bin/../lib/gcc/arm-none-eabi/12.3.1/thumb/v7-m/nofp/crtbegin.o

.rodata         0x08003da4       0xdc
                0x08003da4                        . = ALIGN (0x4)
 *(.rodata)
 .rodata        0x08003da4       0xa8 ./Core/Src/main.o
 .rodata        0x08003e4c        0x5 ./Middlewares/Third_Party/FreeRTOS/Source/tasks.o
 *(.rodata*)
 *fill*         0x08003e51        0x3 
 .rodata.AHBPrescTable
                0x08003e54       0x10 ./Core/Src/system_stm32f1xx.o
                0x08003e54                AHBPrescTable
 .rodata.APBPrescTable
                0x08003e64        0x8 ./Core/Src/system_stm32f1xx.o
                0x08003e64                APBPrescTable
 .rodata.aPLLMULFactorTable.1
                0x08003e6c       0x10 ./Drivers/STM32F1xx_HAL_Driver/Src/stm32f1xx_hal_rcc.o
 .rodata.aPredivFactorTable.0
                0x08003e7c        0x2 ./Drivers/STM32F1xx_HAL_Driver/Src/stm32f1xx_hal_rcc.o
                0x08003e80                        . = ALIGN (0x4)
 *fill*         0x08003e7e        0x2 

.ARM.extab      0x08003e80        0x0
                0x08003e80                        . = ALIGN (0x4)
 *(.ARM.extab* .gnu.linkonce.armextab.*)
                0x08003e80                        . = ALIGN (0x4)

.ARM            0x08003e80        0x0
                0x08003e80                        . = ALIGN (0x4)
                0x08003e80                        __exidx_start = .
 *(.ARM.exidx*)
                0x08003e80                        __exidx_end = .
                0x08003e80                        . = ALIGN (0x4)

.preinit_array  0x08003e80        0x0
                0x08003e80                        . = ALIGN (0x4)
                0x08003e80                        PROVIDE (__preinit_array_start = .)
 *(.preinit_array*)
                0x08003e80                        PROVIDE (__preinit_array_end = .)
                0x08003e80                        . = ALIGN (0x4)

.init_array     0x08003e80        0x4
                0x08003e80                        . = ALIGN (0x4)
                0x08003e80                        PROVIDE (__init_array_start = .)
 *(SORT_BY_NAME(.init_array.*))
 *(.init_array*)
 .init_array    0x08003e80        0x4 E:/Backup data D/App Kuliah/stm32cube ide/STM32CubeIDE_1.16.0/STM32CubeIDE/plugins/com.st.stm32cube.ide.mcu.externaltools.gnu-tools-for-stm32.12.3.rel1.win32_1.0.200.202406191623/tools/bin/../lib/gcc/arm-none-eabi/12.3.1/thumb/v7-m/nofp/crtbegin.o
                0x08003e84                        PROVIDE (__init_array_end = .)
                0x08003e84                        . = ALIGN (0x4)

.fini_array     0x08003e84        0x4
                0x08003e84                        . = ALIGN (0x4)
                [!provide]                        PROVIDE (__fini_array_start = .)
 *(SORT_BY_NAME(.fini_array.*))
 *(.fini_array*)
 .fini_array    0x08003e84        0x4 E:/Backup data D/App Kuliah/stm32cube ide/STM32CubeIDE_1.16.0/STM32CubeIDE/plugins/com.st.stm32cube.ide.mcu.externaltools.gnu-tools-for-stm32.12.3.rel1.win32_1.0.200.202406191623/tools/bin/../lib/gcc/arm-none-eabi/12.3.1/thumb/v7-m/nofp/crtbegin.o
                [!provide]                        PROVIDE (__fini_array_end = .)
                0x08003e88                        . = ALIGN (0x4)
                0x08003e88                        _sidata = LOADADDR (.data)

.rel.dyn        0x08003e88        0x0
 .rel.iplt      0x08003e88        0x0 E:/Backup data D/App Kuliah/stm32cube ide/STM32CubeIDE_1.16.0/STM32CubeIDE/plugins/com.st.stm32cube.ide.mcu.externaltools.gnu-tools-for-stm32.12.3.rel1.win32_1.0.200.202406191623/tools/bin/../lib/gcc/arm-none-eabi/12.3.1/thumb/v7-m/nofp/crtbegin.o

.data           0x20000000       0x14 load address 0x08003e88
                0x20000000                        . = ALIGN (0x4)
                0x20000000                        _sdata = .
 *(.data)
 *(.data*)
 .data.startFlag
                0x20000000        0x1 ./Core/Src/main.o
                0x20000000                startFlag
 *fill*         0x20000001        0x1 
 .data.WaitTimeMilliseconds
                0x20000002        0x2 ./Core/Src/main.o
                0x20000002                WaitTimeMilliseconds
 .data.SystemCoreClock
                0x20000004        0x4 ./Core/Src/system_stm32f1xx.o
                0x20000004                SystemCoreClock
 .data.uwTickPrio
                0x20000008        0x4 ./Drivers/STM32F1xx_HAL_Driver/Src/stm32f1xx_hal.o
                0x20000008                uwTickPrio
 .data.uwTickFreq
                0x2000000c        0x1 ./Drivers/STM32F1xx_HAL_Driver/Src/stm32f1xx_hal.o
                0x2000000c                uwTickFreq
 *fill*         0x2000000d        0x3 
 .data.uxCriticalNesting
                0x20000010        0x4 ./Middlewares/Third_Party/FreeRTOS/Source/portable/GCC/ARM_CM3/port.o
 *(.RamFunc)
 *(.RamFunc*)
                0x20000014                        . = ALIGN (0x4)
                0x20000014                        _edata = .

.igot.plt       0x20000014        0x0 load address 0x08003e9c
 .igot.plt      0x20000014        0x0 E:/Backup data D/App Kuliah/stm32cube ide/STM32CubeIDE_1.16.0/STM32CubeIDE/plugins/com.st.stm32cube.ide.mcu.externaltools.gnu-tools-for-stm32.12.3.rel1.win32_1.0.200.202406191623/tools/bin/../lib/gcc/arm-none-eabi/12.3.1/thumb/v7-m/nofp/crtbegin.o
                0x20000014                        . = ALIGN (0x4)

.bss            0x20000014     0x1024 load address 0x08003e9c
                0x20000014                        _sbss = .
                0x20000014                        __bss_start__ = _sbss
 *(.bss)
 .bss           0x20000014       0x1c E:/Backup data D/App Kuliah/stm32cube ide/STM32CubeIDE_1.16.0/STM32CubeIDE/plugins/com.st.stm32cube.ide.mcu.externaltools.gnu-tools-for-stm32.12.3.rel1.win32_1.0.200.202406191623/tools/bin/../lib/gcc/arm-none-eabi/12.3.1/thumb/v7-m/nofp/crtbegin.o
 *(.bss*)
 .bss.xIdleTaskTCBBuffer
                0x20000030       0x54 ./Core/Src/freertos.o
 .bss.xIdleStack
                0x20000084      0x200 ./Core/Src/freertos.o
 .bss.huart1    0x20000284       0x48 ./Core/Src/main.o
                0x20000284                huart1
 .bss.defaultTaskHandle
                0x200002cc        0x4 ./Core/Src/main.o
                0x200002cc                defaultTaskHandle
 .bss.GreenLEDTaskHandle
                0x200002d0        0x4 ./Core/Src/main.o
                0x200002d0                GreenLEDTaskHandle
 .bss.RedLEDTaskHandle
                0x200002d4        0x4 ./Core/Src/main.o
                0x200002d4                RedLEDTaskHandle
 .bss.YellowLEDTaskHandle
                0x200002d8        0x4 ./Core/Src/main.o
                0x200002d8                YellowLEDTaskHandle
 .bss.CriticalResourceSemaphoreHandle
                0x200002dc        0x4 ./Core/Src/main.o
                0x200002dc                CriticalResourceSemaphoreHandle
 .bss.uwTick    0x200002e0        0x4 ./Drivers/STM32F1xx_HAL_Driver/Src/stm32f1xx_hal.o
                0x200002e0                uwTick
 .bss.pxCurrentTCB
                0x200002e4        0x4 ./Middlewares/Third_Party/FreeRTOS/Source/tasks.o
                0x200002e4                pxCurrentTCB
 .bss.pxReadyTasksLists
                0x200002e8       0x8c ./Middlewares/Third_Party/FreeRTOS/Source/tasks.o
 .bss.xDelayedTaskList1
                0x20000374       0x14 ./Middlewares/Third_Party/FreeRTOS/Source/tasks.o
 .bss.xDelayedTaskList2
                0x20000388       0x14 ./Middlewares/Third_Party/FreeRTOS/Source/tasks.o
 .bss.pxDelayedTaskList
                0x2000039c        0x4 ./Middlewares/Third_Party/FreeRTOS/Source/tasks.o
 .bss.pxOverflowDelayedTaskList
                0x200003a0        0x4 ./Middlewares/Third_Party/FreeRTOS/Source/tasks.o
 .bss.xPendingReadyList
                0x200003a4       0x14 ./Middlewares/Third_Party/FreeRTOS/Source/tasks.o
 .bss.xTasksWaitingTermination
                0x200003b8       0x14 ./Middlewares/Third_Party/FreeRTOS/Source/tasks.o
 .bss.uxDeletedTasksWaitingCleanUp
                0x200003cc        0x4 ./Middlewares/Third_Party/FreeRTOS/Source/tasks.o
 .bss.xSuspendedTaskList
                0x200003d0       0x14 ./Middlewares/Third_Party/FreeRTOS/Source/tasks.o
 .bss.uxCurrentNumberOfTasks
                0x200003e4        0x4 ./Middlewares/Third_Party/FreeRTOS/Source/tasks.o
 .bss.xTickCount
                0x200003e8        0x4 ./Middlewares/Third_Party/FreeRTOS/Source/tasks.o
 .bss.uxTopReadyPriority
                0x200003ec        0x4 ./Middlewares/Third_Party/FreeRTOS/Source/tasks.o
 .bss.xSchedulerRunning
                0x200003f0        0x4 ./Middlewares/Third_Party/FreeRTOS/Source/tasks.o
 .bss.xPendedTicks
                0x200003f4        0x4 ./Middlewares/Third_Party/FreeRTOS/Source/tasks.o
 .bss.xYieldPending
                0x200003f8        0x4 ./Middlewares/Third_Party/FreeRTOS/Source/tasks.o
 .bss.xNumOfOverflows
                0x200003fc        0x4 ./Middlewares/Third_Party/FreeRTOS/Source/tasks.o
 .bss.uxTaskNumber
                0x20000400        0x4 ./Middlewares/Third_Party/FreeRTOS/Source/tasks.o
 .bss.xNextTaskUnblockTime
                0x20000404        0x4 ./Middlewares/Third_Party/FreeRTOS/Source/tasks.o
 .bss.xIdleTaskHandle
                0x20000408        0x4 ./Middlewares/Third_Party/FreeRTOS/Source/tasks.o
 .bss.uxSchedulerSuspended
                0x2000040c        0x4 ./Middlewares/Third_Party/FreeRTOS/Source/tasks.o
 .bss.ucMaxSysCallPriority
                0x20000410        0x1 ./Middlewares/Third_Party/FreeRTOS/Source/portable/GCC/ARM_CM3/port.o
 *fill*         0x20000411        0x3 
 .bss.ulMaxPRIGROUPValue
                0x20000414        0x4 ./Middlewares/Third_Party/FreeRTOS/Source/portable/GCC/ARM_CM3/port.o
 .bss.ucHeap    0x20000418      0xc00 ./Middlewares/Third_Party/FreeRTOS/Source/portable/MemMang/heap_4.o
 .bss.xStart    0x20001018        0x8 ./Middlewares/Third_Party/FreeRTOS/Source/portable/MemMang/heap_4.o
 .bss.pxEnd     0x20001020        0x4 ./Middlewares/Third_Party/FreeRTOS/Source/portable/MemMang/heap_4.o
 .bss.xFreeBytesRemaining
                0x20001024        0x4 ./Middlewares/Third_Party/FreeRTOS/Source/portable/MemMang/heap_4.o
 .bss.xMinimumEverFreeBytesRemaining
                0x20001028        0x4 ./Middlewares/Third_Party/FreeRTOS/Source/portable/MemMang/heap_4.o
 .bss.xNumberOfSuccessfulAllocations
                0x2000102c        0x4 ./Middlewares/Third_Party/FreeRTOS/Source/portable/MemMang/heap_4.o
 .bss.xNumberOfSuccessfulFrees
                0x20001030        0x4 ./Middlewares/Third_Party/FreeRTOS/Source/portable/MemMang/heap_4.o
 .bss.xBlockAllocatedBit
                0x20001034        0x4 ./Middlewares/Third_Party/FreeRTOS/Source/portable/MemMang/heap_4.o
 *(COMMON)
                0x20001038                        . = ALIGN (0x4)
                0x20001038                        _ebss = .
                0x20001038                        __bss_end__ = _ebss

._user_heap_stack
                0x20001038      0x600 load address 0x08003e9c
                0x20001038                        . = ALIGN (0x8)
                [!provide]                        PROVIDE (end = .)
                0x20001038                        PROVIDE (_end = .)
                0x20001238                        . = (. + _Min_Heap_Size)
 *fill*         0x20001038      0x200 
                0x20001638                        . = (. + _Min_Stack_Size)
 *fill*         0x20001238      0x400 
                0x20001638                        . = ALIGN (0x8)

/DISCARD/
 libc.a(*)
 libm.a(*)
 libgcc.a(*)

.ARM.attributes
                0x00000000       0x29
 *(.ARM.attributes)
 .ARM.attributes
                0x00000000       0x1d E:/Backup data D/App Kuliah/stm32cube ide/STM32CubeIDE_1.16.0/STM32CubeIDE/plugins/com.st.stm32cube.ide.mcu.externaltools.gnu-tools-for-stm32.12.3.rel1.win32_1.0.200.202406191623/tools/bin/../lib/gcc/arm-none-eabi/12.3.1/thumb/v7-m/nofp/crti.o
 .ARM.attributes
                0x0000001d       0x2d E:/Backup data D/App Kuliah/stm32cube ide/STM32CubeIDE_1.16.0/STM32CubeIDE/plugins/com.st.stm32cube.ide.mcu.externaltools.gnu-tools-for-stm32.12.3.rel1.win32_1.0.200.202406191623/tools/bin/../lib/gcc/arm-none-eabi/12.3.1/thumb/v7-m/nofp/crtbegin.o
 .ARM.attributes
                0x0000004a       0x2d ./Core/Src/freertos.o
 .ARM.attributes
                0x00000077       0x2d ./Core/Src/main.o
 .ARM.attributes
                0x000000a4       0x2d ./Core/Src/stm32f1xx_hal_msp.o
 .ARM.attributes
                0x000000d1       0x2d ./Core/Src/stm32f1xx_it.o
 .ARM.attributes
                0x000000fe       0x2d ./Core/Src/system_stm32f1xx.o
 .ARM.attributes
                0x0000012b       0x21 ./Core/Startup/startup_stm32f103c8tx.o
 .ARM.attributes
                0x0000014c       0x2d ./Drivers/STM32F1xx_HAL_Driver/Src/stm32f1xx_hal.o
 .ARM.attributes
                0x00000179       0x2d ./Drivers/STM32F1xx_HAL_Driver/Src/stm32f1xx_hal_cortex.o
 .ARM.attributes
                0x000001a6       0x2d ./Drivers/STM32F1xx_HAL_Driver/Src/stm32f1xx_hal_gpio.o
 .ARM.attributes
                0x000001d3       0x2d ./Drivers/STM32F1xx_HAL_Driver/Src/stm32f1xx_hal_rcc.o
 .ARM.attributes
                0x00000200       0x2d ./Drivers/STM32F1xx_HAL_Driver/Src/stm32f1xx_hal_uart.o
 .ARM.attributes
                0x0000022d       0x2d ./Middlewares/Third_Party/FreeRTOS/Source/CMSIS_RTOS/cmsis_os.o
 .ARM.attributes
                0x0000025a       0x2d ./Middlewares/Third_Party/FreeRTOS/Source/list.o
 .ARM.attributes
                0x00000287       0x2d ./Middlewares/Third_Party/FreeRTOS/Source/queue.o
 .ARM.attributes
                0x000002b4       0x2d ./Middlewares/Third_Party/FreeRTOS/Source/tasks.o
 .ARM.attributes
                0x000002e1       0x2d ./Middlewares/Third_Party/FreeRTOS/Source/portable/GCC/ARM_CM3/port.o
 .ARM.attributes
                0x0000030e       0x2d ./Middlewares/Third_Party/FreeRTOS/Source/portable/MemMang/heap_4.o
 .ARM.attributes
                0x0000033b       0x2d E:/Backup data D/App Kuliah/stm32cube ide/STM32CubeIDE_1.16.0/STM32CubeIDE/plugins/com.st.stm32cube.ide.mcu.externaltools.gnu-tools-for-stm32.12.3.rel1.win32_1.0.200.202406191623/tools/bin/../lib/gcc/arm-none-eabi/12.3.1/../../../../arm-none-eabi/lib/thumb/v7-m/nofp\libc_nano.a(libc_a-memset.o)
 .ARM.attributes
                0x00000368       0x2d E:/Backup data D/App Kuliah/stm32cube ide/STM32CubeIDE_1.16.0/STM32CubeIDE/plugins/com.st.stm32cube.ide.mcu.externaltools.gnu-tools-for-stm32.12.3.rel1.win32_1.0.200.202406191623/tools/bin/../lib/gcc/arm-none-eabi/12.3.1/../../../../arm-none-eabi/lib/thumb/v7-m/nofp\libc_nano.a(libc_a-init.o)
 .ARM.attributes
                0x00000395       0x2d E:/Backup data D/App Kuliah/stm32cube ide/STM32CubeIDE_1.16.0/STM32CubeIDE/plugins/com.st.stm32cube.ide.mcu.externaltools.gnu-tools-for-stm32.12.3.rel1.win32_1.0.200.202406191623/tools/bin/../lib/gcc/arm-none-eabi/12.3.1/../../../../arm-none-eabi/lib/thumb/v7-m/nofp\libc_nano.a(libc_a-memcpy-stub.o)
 .ARM.attributes
                0x000003c2       0x1d E:/Backup data D/App Kuliah/stm32cube ide/STM32CubeIDE_1.16.0/STM32CubeIDE/plugins/com.st.stm32cube.ide.mcu.externaltools.gnu-tools-for-stm32.12.3.rel1.win32_1.0.200.202406191623/tools/bin/../lib/gcc/arm-none-eabi/12.3.1/thumb/v7-m/nofp/crtn.o
OUTPUT(RTOS task 8.elf elf32-littlearm)
LOAD linker stubs
LOAD E:/Backup data D/App Kuliah/stm32cube ide/STM32CubeIDE_1.16.0/STM32CubeIDE/plugins/com.st.stm32cube.ide.mcu.externaltools.gnu-tools-for-stm32.12.3.rel1.win32_1.0.200.202406191623/tools/bin/../lib/gcc/arm-none-eabi/12.3.1/../../../../arm-none-eabi/lib/thumb/v7-m/nofp\libc.a
LOAD E:/Backup data D/App Kuliah/stm32cube ide/STM32CubeIDE_1.16.0/STM32CubeIDE/plugins/com.st.stm32cube.ide.mcu.externaltools.gnu-tools-for-stm32.12.3.rel1.win32_1.0.200.202406191623/tools/bin/../lib/gcc/arm-none-eabi/12.3.1/../../../../arm-none-eabi/lib/thumb/v7-m/nofp\libm.a
LOAD E:/Backup data D/App Kuliah/stm32cube ide/STM32CubeIDE_1.16.0/STM32CubeIDE/plugins/com.st.stm32cube.ide.mcu.externaltools.gnu-tools-for-stm32.12.3.rel1.win32_1.0.200.202406191623/tools/bin/../lib/gcc/arm-none-eabi/12.3.1/thumb/v7-m/nofp\libgcc.a

.debug_info     0x00000000     0xc9bd
 .debug_info    0x00000000      0x279 ./Core/Src/freertos.o
 .debug_info    0x00000279     0x108a ./Core/Src/main.o
 .debug_info    0x00001303      0x969 ./Core/Src/stm32f1xx_hal_msp.o
 .debug_info    0x00001c6c      0x11b ./Core/Src/stm32f1xx_it.o
 .debug_info    0x00001d87      0x222 ./Core/Src/system_stm32f1xx.o
 .debug_info    0x00001fa9       0x30 ./Core/Startup/startup_stm32f103c8tx.o
 .debug_info    0x00001fd9      0x704 ./Drivers/STM32F1xx_HAL_Driver/Src/stm32f1xx_hal.o
 .debug_info    0x000026dd      0xa87 ./Drivers/STM32F1xx_HAL_Driver/Src/stm32f1xx_hal_cortex.o
 .debug_info    0x00003164      0x5ab ./Drivers/STM32F1xx_HAL_Driver/Src/stm32f1xx_hal_gpio.o
 .debug_info    0x0000370f      0x7d5 ./Drivers/STM32F1xx_HAL_Driver/Src/stm32f1xx_hal_rcc.o
 .debug_info    0x00003ee4     0x2eed ./Drivers/STM32F1xx_HAL_Driver/Src/stm32f1xx_hal_uart.o
 .debug_info    0x00006dd1     0x1b60 ./Middlewares/Third_Party/FreeRTOS/Source/CMSIS_RTOS/cmsis_os.o
 .debug_info    0x00008931      0x2af ./Middlewares/Third_Party/FreeRTOS/Source/list.o
 .debug_info    0x00008be0     0x17cd ./Middlewares/Third_Party/FreeRTOS/Source/queue.o
 .debug_info    0x0000a3ad     0x1ca7 ./Middlewares/Third_Party/FreeRTOS/Source/tasks.o
 .debug_info    0x0000c054      0x494 ./Middlewares/Third_Party/FreeRTOS/Source/portable/GCC/ARM_CM3/port.o
 .debug_info    0x0000c4e8      0x4d5 ./Middlewares/Third_Party/FreeRTOS/Source/portable/MemMang/heap_4.o

.debug_abbrev   0x00000000     0x2400
 .debug_abbrev  0x00000000       0xd2 ./Core/Src/freertos.o
 .debug_abbrev  0x000000d2      0x2cc ./Core/Src/main.o
 .debug_abbrev  0x0000039e      0x1c8 ./Core/Src/stm32f1xx_hal_msp.o
 .debug_abbrev  0x00000566       0xaa ./Core/Src/stm32f1xx_it.o
 .debug_abbrev  0x00000610      0x13f ./Core/Src/system_stm32f1xx.o
 .debug_abbrev  0x0000074f       0x24 ./Core/Startup/startup_stm32f103c8tx.o
 .debug_abbrev  0x00000773      0x201 ./Drivers/STM32F1xx_HAL_Driver/Src/stm32f1xx_hal.o
 .debug_abbrev  0x00000974      0x2f8 ./Drivers/STM32F1xx_HAL_Driver/Src/stm32f1xx_hal_cortex.o
 .debug_abbrev  0x00000c6c      0x1ca ./Drivers/STM32F1xx_HAL_Driver/Src/stm32f1xx_hal_gpio.o
 .debug_abbrev  0x00000e36      0x2b3 ./Drivers/STM32F1xx_HAL_Driver/Src/stm32f1xx_hal_rcc.o
 .debug_abbrev  0x000010e9      0x2f8 ./Drivers/STM32F1xx_HAL_Driver/Src/stm32f1xx_hal_uart.o
 .debug_abbrev  0x000013e1      0x3a7 ./Middlewares/Third_Party/FreeRTOS/Source/CMSIS_RTOS/cmsis_os.o
 .debug_abbrev  0x00001788       0xf5 ./Middlewares/Third_Party/FreeRTOS/Source/list.o
 .debug_abbrev  0x0000187d      0x3b5 ./Middlewares/Third_Party/FreeRTOS/Source/queue.o
 .debug_abbrev  0x00001c32      0x359 ./Middlewares/Third_Party/FreeRTOS/Source/tasks.o
 .debug_abbrev  0x00001f8b      0x258 ./Middlewares/Third_Party/FreeRTOS/Source/portable/GCC/ARM_CM3/port.o
 .debug_abbrev  0x000021e3      0x21d ./Middlewares/Third_Party/FreeRTOS/Source/portable/MemMang/heap_4.o

.debug_aranges  0x00000000      0xbd0
 .debug_aranges
                0x00000000       0x20 ./Core/Src/freertos.o
 .debug_aranges
                0x00000020       0x68 ./Core/Src/main.o
 .debug_aranges
                0x00000088       0x30 ./Core/Src/stm32f1xx_hal_msp.o
 .debug_aranges
                0x000000b8       0x50 ./Core/Src/stm32f1xx_it.o
 .debug_aranges
                0x00000108       0x28 ./Core/Src/system_stm32f1xx.o
 .debug_aranges
                0x00000130       0x28 ./Core/Startup/startup_stm32f103c8tx.o
 .debug_aranges
                0x00000158       0xe0 ./Drivers/STM32F1xx_HAL_Driver/Src/stm32f1xx_hal.o
 .debug_aranges
                0x00000238      0x100 ./Drivers/STM32F1xx_HAL_Driver/Src/stm32f1xx_hal_cortex.o
 .debug_aranges
                0x00000338       0x58 ./Drivers/STM32F1xx_HAL_Driver/Src/stm32f1xx_hal_gpio.o
 .debug_aranges
                0x00000390       0x90 ./Drivers/STM32F1xx_HAL_Driver/Src/stm32f1xx_hal_rcc.o
 .debug_aranges
                0x00000420      0x208 ./Drivers/STM32F1xx_HAL_Driver/Src/stm32f1xx_hal_uart.o
 .debug_aranges
                0x00000628      0x1d8 ./Middlewares/Third_Party/FreeRTOS/Source/CMSIS_RTOS/cmsis_os.o
 .debug_aranges
                0x00000800       0x40 ./Middlewares/Third_Party/FreeRTOS/Source/list.o
 .debug_aranges
                0x00000840      0x108 ./Middlewares/Third_Party/FreeRTOS/Source/queue.o
 .debug_aranges
                0x00000948      0x1b8 ./Middlewares/Third_Party/FreeRTOS/Source/tasks.o
 .debug_aranges
                0x00000b00       0x78 ./Middlewares/Third_Party/FreeRTOS/Source/portable/GCC/ARM_CM3/port.o
 .debug_aranges
                0x00000b78       0x58 ./Middlewares/Third_Party/FreeRTOS/Source/portable/MemMang/heap_4.o

.debug_rnglists
                0x00000000      0x906
 .debug_rnglists
                0x00000000       0x13 ./Core/Src/freertos.o
 .debug_rnglists
                0x00000013       0x4a ./Core/Src/main.o
 .debug_rnglists
                0x0000005d       0x20 ./Core/Src/stm32f1xx_hal_msp.o
 .debug_rnglists
                0x0000007d       0x37 ./Core/Src/stm32f1xx_it.o
 .debug_rnglists
                0x000000b4       0x1a ./Core/Src/system_stm32f1xx.o
 .debug_rnglists
                0x000000ce       0x19 ./Core/Startup/startup_stm32f103c8tx.o
 .debug_rnglists
                0x000000e7       0xa3 ./Drivers/STM32F1xx_HAL_Driver/Src/stm32f1xx_hal.o
 .debug_rnglists
                0x0000018a       0xbb ./Drivers/STM32F1xx_HAL_Driver/Src/stm32f1xx_hal_cortex.o
 .debug_rnglists
                0x00000245       0x3f ./Drivers/STM32F1xx_HAL_Driver/Src/stm32f1xx_hal_gpio.o
 .debug_rnglists
                0x00000284       0x6c ./Drivers/STM32F1xx_HAL_Driver/Src/stm32f1xx_hal_rcc.o
 .debug_rnglists
                0x000002f0      0x1bc ./Drivers/STM32F1xx_HAL_Driver/Src/stm32f1xx_hal_uart.o
 .debug_rnglists
                0x000004ac      0x16a ./Middlewares/Third_Party/FreeRTOS/Source/CMSIS_RTOS/cmsis_os.o
 .debug_rnglists
                0x00000616       0x2b ./Middlewares/Third_Party/FreeRTOS/Source/list.o
 .debug_rnglists
                0x00000641       0xcd ./Middlewares/Third_Party/FreeRTOS/Source/queue.o
 .debug_rnglists
                0x0000070e      0x15f ./Middlewares/Third_Party/FreeRTOS/Source/tasks.o
 .debug_rnglists
                0x0000086d       0x57 ./Middlewares/Third_Party/FreeRTOS/Source/portable/GCC/ARM_CM3/port.o
 .debug_rnglists
                0x000008c4       0x42 ./Middlewares/Third_Party/FreeRTOS/Source/portable/MemMang/heap_4.o

.debug_macro    0x00000000    0x18518
 .debug_macro   0x00000000      0x205 ./Core/Src/freertos.o
 .debug_macro   0x00000205      0xaa8 ./Core/Src/freertos.o
 .debug_macro   0x00000cad      0x189 ./Core/Src/freertos.o
 .debug_macro   0x00000e36       0x22 ./Core/Src/freertos.o
 .debug_macro   0x00000e58       0x8e ./Core/Src/freertos.o
 .debug_macro   0x00000ee6       0x51 ./Core/Src/freertos.o
 .debug_macro   0x00000f37      0x103 ./Core/Src/freertos.o
 .debug_macro   0x0000103a       0x6a ./Core/Src/freertos.o
 .debug_macro   0x000010a4      0x1df ./Core/Src/freertos.o
 .debug_macro   0x00001283       0xd0 ./Core/Src/freertos.o
 .debug_macro   0x00001353      0x15a ./Core/Src/freertos.o
 .debug_macro   0x000014ad       0xde ./Core/Src/freertos.o
 .debug_macro   0x0000158b       0x1c ./Core/Src/freertos.o
 .debug_macro   0x000015a7       0x26 ./Core/Src/freertos.o
 .debug_macro   0x000015cd      0x519 ./Core/Src/freertos.o
 .debug_macro   0x00001ae6       0xb5 ./Core/Src/freertos.o
 .debug_macro   0x00001b9b       0xaa ./Core/Src/freertos.o
 .debug_macro   0x00001c45      0x215 ./Core/Src/freertos.o
 .debug_macro   0x00001e5a       0x2e ./Core/Src/freertos.o
 .debug_macro   0x00001e88       0x22 ./Core/Src/freertos.o
 .debug_macro   0x00001eaa       0x1c ./Core/Src/freertos.o
 .debug_macro   0x00001ec6       0x22 ./Core/Src/freertos.o
 .debug_macro   0x00001ee8       0xbd ./Core/Src/freertos.o
 .debug_macro   0x00001fa5      0xd23 ./Core/Src/freertos.o
 .debug_macro   0x00002cc8     0xe09e ./Core/Src/freertos.o
 .debug_macro   0x00010d66       0x6d ./Core/Src/freertos.o
 .debug_macro   0x00010dd3     0x34a2 ./Core/Src/freertos.o
 .debug_macro   0x00014275       0x5c ./Core/Src/freertos.o
 .debug_macro   0x000142d1      0x5bc ./Core/Src/freertos.o
 .debug_macro   0x0001488d      0x289 ./Core/Src/freertos.o
 .debug_macro   0x00014b16      0x1cb ./Core/Src/freertos.o
 .debug_macro   0x00014ce1      0x114 ./Core/Src/freertos.o
 .debug_macro   0x00014df5      0x1b2 ./Core/Src/freertos.o
 .debug_macro   0x00014fa7       0x27 ./Core/Src/freertos.o
 .debug_macro   0x00014fce      0x136 ./Core/Src/freertos.o
 .debug_macro   0x00015104      0x1bc ./Core/Src/freertos.o
 .debug_macro   0x000152c0       0x34 ./Core/Src/freertos.o
 .debug_macro   0x000152f4       0x3c ./Core/Src/freertos.o
 .debug_macro   0x00015330       0x57 ./Core/Src/freertos.o
 .debug_macro   0x00015387       0x87 ./Core/Src/freertos.o
 .debug_macro   0x0001540e      0x240 ./Core/Src/freertos.o
 .debug_macro   0x0001564e      0x140 ./Core/Src/freertos.o
 .debug_macro   0x0001578e      0x28e ./Core/Src/freertos.o
 .debug_macro   0x00015a1c       0x83 ./Core/Src/freertos.o
 .debug_macro   0x00015a9f       0x34 ./Core/Src/freertos.o
 .debug_macro   0x00015ad3      0x328 ./Core/Src/main.o
 .debug_macro   0x00015dfb       0xd0 ./Core/Src/main.o
 .debug_macro   0x00015ecb       0x91 ./Core/Src/main.o
 .debug_macro   0x00015f5c       0x8d ./Core/Src/main.o
 .debug_macro   0x00015fe9       0x7e ./Core/Src/main.o
 .debug_macro   0x00016067       0x19 ./Core/Src/main.o
 .debug_macro   0x00016080       0xf2 ./Core/Src/main.o
 .debug_macro   0x00016172       0x61 ./Core/Src/main.o
 .debug_macro   0x000161d3       0x24 ./Core/Src/main.o
 .debug_macro   0x000161f7       0x43 ./Core/Src/main.o
 .debug_macro   0x0001623a       0x34 ./Core/Src/main.o
 .debug_macro   0x0001626e       0x16 ./Core/Src/main.o
 .debug_macro   0x00016284       0x35 ./Core/Src/main.o
 .debug_macro   0x000162b9      0x369 ./Core/Src/main.o
 .debug_macro   0x00016622       0x10 ./Core/Src/main.o
 .debug_macro   0x00016632       0x16 ./Core/Src/main.o
 .debug_macro   0x00016648       0x43 ./Core/Src/main.o
 .debug_macro   0x0001668b       0x34 ./Core/Src/main.o
 .debug_macro   0x000166bf       0x10 ./Core/Src/main.o
 .debug_macro   0x000166cf       0x58 ./Core/Src/main.o
 .debug_macro   0x00016727       0x8e ./Core/Src/main.o
 .debug_macro   0x000167b5       0x1c ./Core/Src/main.o
 .debug_macro   0x000167d1      0x177 ./Core/Src/main.o
 .debug_macro   0x00016948       0x16 ./Core/Src/main.o
 .debug_macro   0x0001695e       0x16 ./Core/Src/main.o
 .debug_macro   0x00016974      0x146 ./Core/Src/main.o
 .debug_macro   0x00016aba      0x19d ./Core/Src/stm32f1xx_hal_msp.o
 .debug_macro   0x00016c57      0x20f ./Core/Src/stm32f1xx_it.o
 .debug_macro   0x00016e66      0x18e ./Core/Src/system_stm32f1xx.o
 .debug_macro   0x00016ff4      0x1b2 ./Drivers/STM32F1xx_HAL_Driver/Src/stm32f1xx_hal.o
 .debug_macro   0x000171a6      0x18e ./Drivers/STM32F1xx_HAL_Driver/Src/stm32f1xx_hal_cortex.o
 .debug_macro   0x00017334      0x1f9 ./Drivers/STM32F1xx_HAL_Driver/Src/stm32f1xx_hal_gpio.o
 .debug_macro   0x0001752d      0x1a0 ./Drivers/STM32F1xx_HAL_Driver/Src/stm32f1xx_hal_rcc.o
 .debug_macro   0x000176cd      0x18f ./Drivers/STM32F1xx_HAL_Driver/Src/stm32f1xx_hal_uart.o
 .debug_macro   0x0001785c      0x1fe ./Middlewares/Third_Party/FreeRTOS/Source/CMSIS_RTOS/cmsis_os.o
 .debug_macro   0x00017a5a       0x10 ./Middlewares/Third_Party/FreeRTOS/Source/CMSIS_RTOS/cmsis_os.o
 .debug_macro   0x00017a6a       0x20 ./Middlewares/Third_Party/FreeRTOS/Source/CMSIS_RTOS/cmsis_os.o
 .debug_macro   0x00017a8a       0xab ./Middlewares/Third_Party/FreeRTOS/Source/CMSIS_RTOS/cmsis_os.o
 .debug_macro   0x00017b35      0x187 ./Middlewares/Third_Party/FreeRTOS/Source/list.o
 .debug_macro   0x00017cbc      0x216 ./Middlewares/Third_Party/FreeRTOS/Source/queue.o
 .debug_macro   0x00017ed2       0x16 ./Middlewares/Third_Party/FreeRTOS/Source/queue.o
 .debug_macro   0x00017ee8       0x87 ./Middlewares/Third_Party/FreeRTOS/Source/queue.o
 .debug_macro   0x00017f6f      0x279 ./Middlewares/Third_Party/FreeRTOS/Source/tasks.o
 .debug_macro   0x000181e8       0x10 ./Middlewares/Third_Party/FreeRTOS/Source/tasks.o
 .debug_macro   0x000181f8      0x172 ./Middlewares/Third_Party/FreeRTOS/Source/portable/GCC/ARM_CM3/port.o
 .debug_macro   0x0001836a      0x1ae ./Middlewares/Third_Party/FreeRTOS/Source/portable/MemMang/heap_4.o

.debug_line     0x00000000     0xdad3
 .debug_line    0x00000000      0x7d1 ./Core/Src/freertos.o
 .debug_line    0x000007d1      0xba3 ./Core/Src/main.o
 .debug_line    0x00001374      0x729 ./Core/Src/stm32f1xx_hal_msp.o
 .debug_line    0x00001a9d      0x87b ./Core/Src/stm32f1xx_it.o
 .debug_line    0x00002318      0x752 ./Core/Src/system_stm32f1xx.o
 .debug_line    0x00002a6a       0x78 ./Core/Startup/startup_stm32f103c8tx.o
 .debug_line    0x00002ae2      0x97f ./Drivers/STM32F1xx_HAL_Driver/Src/stm32f1xx_hal.o
 .debug_line    0x00003461      0xb6b ./Drivers/STM32F1xx_HAL_Driver/Src/stm32f1xx_hal_cortex.o
 .debug_line    0x00003fcc      0xa18 ./Drivers/STM32F1xx_HAL_Driver/Src/stm32f1xx_hal_gpio.o
 .debug_line    0x000049e4      0xd88 ./Drivers/STM32F1xx_HAL_Driver/Src/stm32f1xx_hal_rcc.o
 .debug_line    0x0000576c     0x285e ./Drivers/STM32F1xx_HAL_Driver/Src/stm32f1xx_hal_uart.o
 .debug_line    0x00007fca     0x1289 ./Middlewares/Third_Party/FreeRTOS/Source/CMSIS_RTOS/cmsis_os.o
 .debug_line    0x00009253      0x7b9 ./Middlewares/Third_Party/FreeRTOS/Source/list.o
 .debug_line    0x00009a0c     0x153a ./Middlewares/Third_Party/FreeRTOS/Source/queue.o
 .debug_line    0x0000af46     0x19d0 ./Middlewares/Third_Party/FreeRTOS/Source/tasks.o
 .debug_line    0x0000c916      0x7da ./Middlewares/Third_Party/FreeRTOS/Source/portable/GCC/ARM_CM3/port.o
 .debug_line    0x0000d0f0      0x9e3 ./Middlewares/Third_Party/FreeRTOS/Source/portable/MemMang/heap_4.o

.debug_str      0x00000000    0x8ac3f
 .debug_str     0x00000000    0x8058d ./Core/Src/freertos.o
                              0x808f9 (size before relaxing)
 .debug_str     0x0008058d     0x63cb ./Core/Src/main.o
                              0x86cc8 (size before relaxing)
 .debug_str     0x00086958      0x317 ./Core/Src/stm32f1xx_hal_msp.o
                              0x7d1f2 (size before relaxing)
 .debug_str     0x00086c6f       0xd9 ./Core/Src/stm32f1xx_it.o
                              0x8085a (size before relaxing)
 .debug_str     0x00086d48       0x7e ./Core/Src/system_stm32f1xx.o
                              0x7ca00 (size before relaxing)
 .debug_str     0x00086dc6       0x44 ./Core/Startup/startup_stm32f103c8tx.o
                                 0xb2 (size before relaxing)
 .debug_str     0x00086e0a      0x38e ./Drivers/STM32F1xx_HAL_Driver/Src/stm32f1xx_hal.o
                              0x7d133 (size before relaxing)
 .debug_str     0x00087198      0x2a8 ./Drivers/STM32F1xx_HAL_Driver/Src/stm32f1xx_hal_cortex.o
                              0x7d07f (size before relaxing)
 .debug_str     0x00087440      0x2d3 ./Drivers/STM32F1xx_HAL_Driver/Src/stm32f1xx_hal_gpio.o
                              0x7cd86 (size before relaxing)
 .debug_str     0x00087713      0x229 ./Drivers/STM32F1xx_HAL_Driver/Src/stm32f1xx_hal_rcc.o
                              0x7ce2f (size before relaxing)
 .debug_str     0x0008793c      0x664 ./Drivers/STM32F1xx_HAL_Driver/Src/stm32f1xx_hal_uart.o
                              0x7d4a0 (size before relaxing)
 .debug_str     0x00087fa0      0x9c5 ./Middlewares/Third_Party/FreeRTOS/Source/CMSIS_RTOS/cmsis_os.o
                               0xe5b8 (size before relaxing)
 .debug_str     0x00088965      0x20f ./Middlewares/Third_Party/FreeRTOS/Source/list.o
                               0xaab4 (size before relaxing)
 .debug_str     0x00088b74      0x7ed ./Middlewares/Third_Party/FreeRTOS/Source/queue.o
                               0xc447 (size before relaxing)
 .debug_str     0x00089361      0xf43 ./Middlewares/Third_Party/FreeRTOS/Source/tasks.o
                               0xce1f (size before relaxing)
 .debug_str     0x0008a2a4      0x66e ./Middlewares/Third_Party/FreeRTOS/Source/portable/GCC/ARM_CM3/port.o
                               0x85fd (size before relaxing)
 .debug_str     0x0008a912      0x32d ./Middlewares/Third_Party/FreeRTOS/Source/portable/MemMang/heap_4.o
                               0xb3f6 (size before relaxing)

.comment        0x00000000       0x43
 .comment       0x00000000       0x43 ./Core/Src/freertos.o
                                 0x44 (size before relaxing)
 .comment       0x00000043       0x44 ./Core/Src/main.o
 .comment       0x00000043       0x44 ./Core/Src/stm32f1xx_hal_msp.o
 .comment       0x00000043       0x44 ./Core/Src/stm32f1xx_it.o
 .comment       0x00000043       0x44 ./Core/Src/system_stm32f1xx.o
 .comment       0x00000043       0x44 ./Drivers/STM32F1xx_HAL_Driver/Src/stm32f1xx_hal.o
 .comment       0x00000043       0x44 ./Drivers/STM32F1xx_HAL_Driver/Src/stm32f1xx_hal_cortex.o
 .comment       0x00000043       0x44 ./Drivers/STM32F1xx_HAL_Driver/Src/stm32f1xx_hal_gpio.o
 .comment       0x00000043       0x44 ./Drivers/STM32F1xx_HAL_Driver/Src/stm32f1xx_hal_rcc.o
 .comment       0x00000043       0x44 ./Drivers/STM32F1xx_HAL_Driver/Src/stm32f1xx_hal_uart.o
 .comment       0x00000043       0x44 ./Middlewares/Third_Party/FreeRTOS/Source/CMSIS_RTOS/cmsis_os.o
 .comment       0x00000043       0x44 ./Middlewares/Third_Party/FreeRTOS/Source/list.o
 .comment       0x00000043       0x44 ./Middlewares/Third_Party/FreeRTOS/Source/queue.o
 .comment       0x00000043       0x44 ./Middlewares/Third_Party/FreeRTOS/Source/tasks.o
 .comment       0x00000043       0x44 ./Middlewares/Third_Party/FreeRTOS/Source/portable/GCC/ARM_CM3/port.o
 .comment       0x00000043       0x44 ./Middlewares/Third_Party/FreeRTOS/Source/portable/MemMang/heap_4.o

.debug_frame    0x00000000     0x2f24
 .debug_frame   0x00000000       0x38 ./Core/Src/freertos.o
 .debug_frame   0x00000038      0x14c ./Core/Src/main.o
 .debug_frame   0x00000184       0x7c ./Core/Src/stm32f1xx_hal_msp.o
 .debug_frame   0x00000200       0xc4 ./Core/Src/stm32f1xx_it.o
 .debug_frame   0x000002c4       0x58 ./Core/Src/system_stm32f1xx.o
 .debug_frame   0x0000031c      0x334 ./Drivers/STM32F1xx_HAL_Driver/Src/stm32f1xx_hal.o
 .debug_frame   0x00000650      0x428 ./Drivers/STM32F1xx_HAL_Driver/Src/stm32f1xx_hal_cortex.o
 .debug_frame   0x00000a78      0x14c ./Drivers/STM32F1xx_HAL_Driver/Src/stm32f1xx_hal_gpio.o
 .debug_frame   0x00000bc4      0x218 ./Drivers/STM32F1xx_HAL_Driver/Src/stm32f1xx_hal_rcc.o
 .debug_frame   0x00000ddc      0x944 ./Drivers/STM32F1xx_HAL_Driver/Src/stm32f1xx_hal_uart.o
 .debug_frame   0x00001720      0x80c ./Middlewares/Third_Party/FreeRTOS/Source/CMSIS_RTOS/cmsis_os.o
 .debug_frame   0x00001f2c       0xd8 ./Middlewares/Third_Party/FreeRTOS/Source/list.o
 .debug_frame   0x00002004      0x46c ./Middlewares/Third_Party/FreeRTOS/Source/queue.o
 .debug_frame   0x00002470      0x77c ./Middlewares/Third_Party/FreeRTOS/Source/tasks.o
 .debug_frame   0x00002bec      0x198 ./Middlewares/Third_Party/FreeRTOS/Source/portable/GCC/ARM_CM3/port.o
 .debug_frame   0x00002d84      0x12c ./Middlewares/Third_Party/FreeRTOS/Source/portable/MemMang/heap_4.o
 .debug_frame   0x00002eb0       0x20 E:/Backup data D/App Kuliah/stm32cube ide/STM32CubeIDE_1.16.0/STM32CubeIDE/plugins/com.st.stm32cube.ide.mcu.externaltools.gnu-tools-for-stm32.12.3.rel1.win32_1.0.200.202406191623/tools/bin/../lib/gcc/arm-none-eabi/12.3.1/../../../../arm-none-eabi/lib/thumb/v7-m/nofp\libc_nano.a(libc_a-memset.o)
 .debug_frame   0x00002ed0       0x2c E:/Backup data D/App Kuliah/stm32cube ide/STM32CubeIDE_1.16.0/STM32CubeIDE/plugins/com.st.stm32cube.ide.mcu.externaltools.gnu-tools-for-stm32.12.3.rel1.win32_1.0.200.202406191623/tools/bin/../lib/gcc/arm-none-eabi/12.3.1/../../../../arm-none-eabi/lib/thumb/v7-m/nofp\libc_nano.a(libc_a-init.o)
 .debug_frame   0x00002efc       0x28 E:/Backup data D/App Kuliah/stm32cube ide/STM32CubeIDE_1.16.0/STM32CubeIDE/plugins/com.st.stm32cube.ide.mcu.externaltools.gnu-tools-for-stm32.12.3.rel1.win32_1.0.200.202406191623/tools/bin/../lib/gcc/arm-none-eabi/12.3.1/../../../../arm-none-eabi/lib/thumb/v7-m/nofp\libc_nano.a(libc_a-memcpy-stub.o)

.debug_line_str
                0x00000000       0x96
 .debug_line_str
                0x00000000       0x96 ./Core/Startup/startup_stm32f103c8tx.o
