../Core/Src/main.c:78:5:main	136	static
../Core/Src/main.c:171:6:SystemClock_Config	72	static
../Core/Src/main.c:208:13:MX_USART1_UART_Init	8	static
../Core/Src/main.c:241:13:MX_GPIO_Init	32	static
../Core/Src/main.c:265:6:accessSharedData	8	static
../Core/Src/main.c:295:6:StartDefaultTask	16	static
../Core/Src/main.c:314:6:green_led	16	static
../Core/Src/main.c:340:6:red_led	16	static
../Core/Src/main.c:366:6:yellow_led	16	static
../Core/Src/main.c:382:6:Error_Handler	4	static,ignoring_inline_asm
